../Core/Src/main.c:94:5:main	8	static
../Core/Src/main.c:158:6:SystemClock_Config	72	static
../Core/Src/main.c:198:13:MX_CRC_Init	8	static
../Core/Src/main.c:224:13:MX_USART2_UART_Init	8	static
../Core/Src/main.c:257:13:MX_USART3_UART_Init	8	static
../Core/Src/main.c:290:13:MX_GPIO_Init	40	static
../Core/Src/main.c:322:6:printmsg	96	static
../Core/Src/main.c:334:6:Boot_VidJumpUserCode	24	static,ignoring_inline_asm
../Core/Src/main.c:367:6:Boot_VidReadData	16	static
../Core/Src/main.c:422:6:bootloader_handel_getver_cmd	32	static
../Core/Src/main.c:449:6:bootloader_handel_gethelp_cmd	24	static
../Core/Src/main.c:472:6:bootloader_handel_getcid_cmd	32	static
../Core/Src/main.c:499:10:Chip_u16GetID	16	static
../Core/Src/main.c:507:6:bootloader_handel_getrdp_cmd	32	static
../Core/Src/main.c:533:10:Mem_u16GetRDP	16	static
../Core/Src/main.c:541:6:bootloader_handel_goto_cmd	40	static
../Core/Src/main.c:581:9:MEM_u8VerifyAdd	16	static
../Core/Src/main.c:607:6:bootloader_handel_flash_erase_cmd	32	static
../Core/Src/main.c:637:9:Mem_u8FlashErase	48	static
../Core/Src/main.c:678:6:bootloader_handel_mem_write_cmd	40	static
../Core/Src/main.c:721:9:Mem_u8FlashWrite	40	static
../Core/Src/main.c:732:6:bootloader_handel_en_rw_protect_cmd	16	static
../Core/Src/main.c:736:6:bootloader_handel_mem_read_cmd	16	static
../Core/Src/main.c:740:6:bootloader_handel_read_sector_cmd	16	static
../Core/Src/main.c:744:6:bootloader_handel_otp_read_cmd	16	static
../Core/Src/main.c:748:6:bootloader_handel_dis_rw_protect_cmd	16	static
../Core/Src/main.c:753:6:bootloader_send_ack	24	static
../Core/Src/main.c:762:6:bootloader_send_nack	16	static
../Core/Src/main.c:767:9:bootloader_verify_crc	40	static
../Core/Src/main.c:796:6:Error_Handler	4	static,ignoring_inline_asm
